<html>
<body>
<pre>
<h1>µVision Build Log</h1>
<h2>Tool Versions:</h2>
IDE-Version: ¦ÌVision V5.35.0.0
Copyright (C) 2021 ARM Ltd and ARM Germany GmbH. All rights reserved.
License Information: Blue Berry, USTB, LIC=GMZI6-D8JQ8-Z9GG9-4B4V0-IVFYX-8V1UW
 
Tool Versions:
Toolchain:       MDK-ARM Plus  Version: 5.35.0.2
Toolchain Path:  C:\Keil5\ARM\ARMCC\Bin
C Compiler:      Armcc.exe V5.06 update 7 (build 960)
Assembler:       Armasm.exe V5.06 update 7 (build 960)
Linker/Locator:  ArmLink.exe V5.06 update 7 (build 960)
Library Manager: ArmAr.exe V5.06 update 7 (build 960)
Hex Converter:   FromElf.exe V5.06 update 7 (build 960)
CPU DLL:         SARMCM3.DLL V5.35.0.2
Dialog DLL:      DCM.DLL V1.17.3.0
Target DLL:      CMSIS_AGDI.dll V1.33.0.0
Dialog DLL:      TCM.DLL V1.53.0.0
 
<h2>Project:</h2>
C:\CubeMx_Projects\Falcon_1_0_0\MDK-ARM\Falcon_1_0_0.uvprojx
Project File Date:  07/30/2022

<h2>Output:</h2>
*** Using Compiler 'V5.06 update 7 (build 960)', folder: 'C:\Keil5\ARM\ARMCC\Bin'
Rebuild target 'Falcon_1_0_0'
assembling startup_stm32f407xx.s...
compiling JY901.c...
Falcon_1_0_0\JY901.c(15): warning:  #550-D: variable "iic_status"  was set but never used
  	HAL_StatusTypeDef iic_status;
Falcon_1_0_0\JY901.c: 1 warning, 0 errors
compiling main.c...
../Core/Src/main.c(76): warning:  #177-D: variable "Kp"  was declared but never referenced
  	float Kp = 0.03;
../Core/Src/main.c(77): warning:  #177-D: variable "Ki"  was declared but never referenced
  	float Ki = 0.1;
../Core/Src/main.c(78): warning:  #177-D: variable "Kd"  was declared but never referenced
  	float Kd = 0.00;
../Core/Src/main.c: 3 warnings, 0 errors
compiling i2c.c...
compiling function.c...
Falcon_1_0_0\function.c(139): warning:  #177-D: variable "pwm_limit_sub"  was declared but never referenced
  	uint8_t 			pwm_limit_sub=0;
Falcon_1_0_0\function.c(257): warning:  #550-D: variable "size"  was set but never used
  		uint16_t size;
Falcon_1_0_0\function.c(263): warning:  #550-D: variable "size"  was set but never used
  		uint16_t size;
Falcon_1_0_0\function.c: 3 warnings, 0 errors
compiling gpio.c...
compiling rtc.c...
compiling QY1503.c...
Falcon_1_0_0\QY1503.c(82): warning:  #177-D: variable "i"  was declared but never referenced
  	uint8_t i;
Falcon_1_0_0\QY1503.c(84): warning:  #177-D: variable "retry"  was declared but never referenced
  	uint8_t retry = 0;
Falcon_1_0_0\QY1503.c: 2 warnings, 0 errors
compiling stm32f4xx_hal_i2c_ex.c...
compiling stm32f4xx_it.c...
compiling spi.c...
compiling tim.c...
compiling stm32f4xx_hal_msp.c...
compiling usart.c...
compiling stm32f4xx_hal_i2c.c...
compiling stm32f4xx_hal_rcc_ex.c...
compiling stm32f4xx_hal_gpio.c...
compiling stm32f4xx_hal_flash_ramfunc.c...
compiling stm32f4xx_hal_flash.c...
compiling stm32f4xx_hal_flash_ex.c...
compiling stm32f4xx_hal_rcc.c...
compiling stm32f4xx_hal_dma_ex.c...
compiling stm32f4xx_hal.c...
compiling stm32f4xx_hal_pwr_ex.c...
compiling stm32f4xx_hal_pwr.c...
compiling stm32f4xx_hal_cortex.c...
compiling stm32f4xx_hal_exti.c...
compiling stm32f4xx_hal_rtc.c...
compiling stm32f4xx_hal_dma.c...
compiling stm32f4xx_hal_spi.c...
compiling system_stm32f4xx.c...
compiling stm32f4xx_hal_tim_ex.c...
compiling stm32f4xx_hal_rtc_ex.c...
compiling stm32f4xx_hal_tim.c...
compiling stm32f4xx_hal_uart.c...
linking...
Program Size: Code=17708 RO-data=448 RW-data=64 ZI-data=4880  
FromELF: creating hex file...
"Falcon_1_0_0\Falcon_1_0_0.axf" - 0 Error(s), 9 Warning(s).

<h2>Software Packages used:</h2>

Package Vendor: ARM
                http://www.keil.com/pack/ARM.CMSIS.5.8.0.pack
                ARM.CMSIS.5.8.0
                CMSIS (Common Microcontroller Software Interface Standard)
   * Component: CORE Version: 5.5.0

Package Vendor: Keil
                http://www.keil.com/pack/Keil.STM32F4xx_DFP.2.15.0.pack
                Keil.STM32F4xx_DFP.2.15.0
                STMicroelectronics STM32F4 Series Device Support, Drivers and Examples

<h2>Collection of Component include folders:</h2>
  .\RTE\_Falcon_1_0_0
  C:\Keil5\ARM\PACK\ARM\CMSIS\5.8.0\CMSIS\Core\Include
  C:\Keil5\ARM\PACK\Keil\STM32F4xx_DFP\2.15.0\Drivers\CMSIS\Device\ST\STM32F4xx\Include

<h2>Collection of Component Files used:</h2>

   * Component: ARM::CMSIS:CORE:5.5.0
      Include file:  CMSIS\Core\Include\tz_context.h
Build Time Elapsed:  00:00:43
</pre>
</body>
</html>
